// Jest Snapshot v1, https://goo.gl/fbAQLP

exports[`App should match snapshot 1`] = `
<div>
  <BrowserRouter>
    <Routes>
      <Route
        element={<Memo(Connect(Login)) />}
        path="/"
      />
      <Route
        element={
          <React.Fragment>
            <NavBar />
            <Memo(Connect(Feed)) />
          </React.Fragment>
        }
        path="/feed"
      />
      <Route
        element={
          <React.Fragment>
            <NavBar />
            <Memo(Connect(User)) />
          </React.Fragment>
        }
        path="/userInfo/:id"
      />
    </Routes>
  </BrowserRouter>
</div>
`;
