// Jest Snapshot v1, https://goo.gl/fbAQLP

exports[`should match the snapshot 1`] = `
<div
  className="baseFooter"
>
  Please type Admin as username and 1234 as password to begin!
</div>
`;
