// Jest Snapshot v1, https://goo.gl/fbAQLP

exports[`should match the snapshot 1`] = `
<div
  className="baseLoginHeader"
>
  Welcome to my Social Media App portfolio:
</div>
`;
