// Jest Snapshot v1, https://goo.gl/fbAQLP

exports[`should match snapshot 1`] = `
<div
  className="progressBar"
>
  <label>
    test_label
  </label>
  <div
    className="barContainer"
  >
    <div
      className="bar"
    />
  </div>
</div>
`;
