// Jest Snapshot v1, https://goo.gl/fbAQLP

exports[`ThemeProvider should matchSnapshot 1`] = `
<ContextProvider
  value={
    Object {
      "onToggleTheme": [MockFunction],
      "theme": "mock_theme",
    }
  }
/>
`;
