// Jest Snapshot v1, https://goo.gl/fbAQLP

exports[`UserLink should match snapshot 1`] = `
<NavLink
  className={[Function]}
  to="/userInfo/0"
>
  mock_name
</NavLink>
`;
